Installing dependencies...
Switching to root user to install dependencies...
Hit:1 http://deb.debian.org/debian trixie InRelease
Hit:2 http://deb.debian.org/debian trixie-updates InRelease
Hit:3 http://deb.debian.org/debian-security trixie-security InRelease
Hit:4 https://deb.nodesource.com/node_20.x nodistro InRelease
Reading package lists...
Reading package lists...
Building dependency tree...
Reading state information...
libasound2t64 is already the newest version (1.2.14-1+deb13u1).
libatk-bridge2.0-0t64 is already the newest version (2.56.2-1+deb13u2).
libatk1.0-0t64 is already the newest version (2.56.2-1+deb13u2).
libatspi2.0-0t64 is already the newest version (2.56.2-1+deb13u2).
libcairo2 is already the newest version (1.18.4-1+b1).
libcups2t64 is already the newest version (2.4.10-3+deb13u2).
libdbus-1-3 is already the newest version (1.16.2-2).
libdrm2 is already the newest version (2.4.124-2).
libgbm1 is already the newest version (25.0.7-2+deb13u1).
libglib2.0-0t64 is already the newest version (2.84.4-3~deb13u5).
libnspr4 is already the newest version (2:4.36-1).
libnss3 is already the newest version (2:3.110-1+deb13u4).
libpango-1.0-0 is already the newest version (1.56.3-1).
libx11-6 is already the newest version (2:1.8.12-1).
libxcb1 is already the newest version (1.17.0-2+b1).
libxcomposite1 is already the newest version (1:0.4.6-1).
libxdamage1 is already the newest version (1:1.1.6-1+b2).
libxext6 is already the newest version (2:1.3.4-1+b3).
libxfixes3 is already the newest version (1:6.0.0-2+b4).
libxkbcommon0 is already the newest version (1.7.0-2).
libxrandr2 is already the newest version (2:1.5.4-1+b3).
xvfb is already the newest version (2:21.1.16-1.3+deb13u4).
fonts-noto-color-emoji is already the newest version (2.051-0+deb13u1).
fonts-unifont is already the newest version (1:15.1.01-1).
libfontconfig1 is already the newest version (2.15.0-2.3).
libfreetype6 is already the newest version (2.13.3+dfsg-1+deb13u1).
xfonts-scalable is already the newest version (1:1.0.3-1.3).
fonts-liberation is already the newest version (1:2.1.5-3).
fonts-ipafont-gothic is already the newest version (00303-23).
fonts-wqy-zenhei is already the newest version (0.9.45-8).
fonts-tlwg-loma-otf is already the newest version (1:0.7.3-1).
fonts-freefont-ttf is already the newest version (20211204+svn4273-2).
libsoup-3.0-0 is already the newest version (3.6.5-3).
gstreamer1.0-libav is already the newest version (1.26.2-1+deb13u1).
gstreamer1.0-plugins-bad is already the newest version (1.26.2-3+deb13u3).
gstreamer1.0-plugins-base is already the newest version (1.26.2-1+deb13u2).
gstreamer1.0-plugins-good is already the newest version (1.26.2-1+deb13u2).
libegl1 is already the newest version (1.7.0-1+b2).
libenchant-2-2 is already the newest version (2.8.2+dfsg1-3).
libepoxy0 is already the newest version (1.5.10-2).
libevdev2 is already the newest version (1.13.4+dfsg-1).
libgdk-pixbuf-2.0-0 is already the newest version (2.42.12+dfsg-4+deb13u1).
libgles2 is already the newest version (1.7.0-1+b2).
libglx0 is already the newest version (1.7.0-1+b2).
libgstreamer-gl1.0-0 is already the newest version (1.26.2-1+deb13u2).
libgstreamer-plugins-base1.0-0 is already the newest version (1.26.2-1+deb13u2).
libgstreamer1.0-0 is already the newest version (1.26.2-2).
libgtk-4-1 is already the newest version (4.18.6+ds-2).
libgudev-1.0-0 is already the newest version (238-6).
libharfbuzz-icu0 is already the newest version (10.2.0-1+deb13u1).
libharfbuzz0b is already the newest version (10.2.0-1+deb13u1).
libhyphen0 is already the newest version (2.8.8-7+b2).
libicu76 is already the newest version (76.1-4).
libjpeg62-turbo is already the newest version (1:2.1.5-4).
liblcms2-2 is already the newest version (2.16-2+deb13u2).
libmanette-0.2-0 is already the newest version (0.2.12-1).
libnotify4 is already the newest version (0.8.6-1).
libopengl0 is already the newest version (1.7.0-1+b2).
libopenjp2-7 is already the newest version (2.5.3-2.1~deb13u2).
libopus0 is already the newest version (1.5.2-2).
libpng16-16t64 is already the newest version (1.6.48-1+deb13u5).
libproxy1v5 is already the newest version (0.5.9-1).
libsecret-1-0 is already the newest version (0.21.7-1).
libwayland-client0 is already the newest version (1.23.1-3).
libwayland-egl1 is already the newest version (1.23.1-3).
libwayland-server0 is already the newest version (1.23.1-3).
libwebp7 is already the newest version (1.5.0-0.1).
libwebpdemux2 is already the newest version (1.5.0-0.1).
libwoff1 is already the newest version (1.0.2-2+b2).
libxml2 is already the newest version (2.12.7+dfsg+really2.9.14-2.1+deb13u3).
libxslt1.1 is already the newest version (1.1.35-1.2+deb13u3).
libatomic1 is already the newest version (14.2.0-19).
libevent-2.1-7t64 is already the newest version (2.1.13-stable-1~deb13u1).
libevent-2.1-7t64 set to manually installed.
libavif16 is already the newest version (1.2.1-1.2).
0 upgraded, 0 newly installed, 0 to remove and 89 not upgraded.
Downloading Chrome for Testing 153.0.8010.12 (playwright chromium v1243) from https://cdn.playwright.dev/builds/cft/153.0.8010.12/linux64/chrome-linux64.zip
|                                                                                |   0% of 186.8 MiB
|■■■■■■■■                                                                        |  10% of 186.8 MiB
|■■■■■■■■■■■■■■■■                                                                |  20% of 186.8 MiB
|■■■■■■■■■■■■■■■■■■■■■■■■                                                        |  30% of 186.8 MiB
|■■■■■■■■■■■■■■■■■■■■■■■■■■■■■■■■                                                |  40% of 186.8 MiB
|■■■■■■■■■■■■■■■■■■■■■■■■■■■■■■■■■■■■■■■■                                        |  50% of 186.8 MiB
|■■■■■■■■■■■■■■■■■■■■■■■■■■■■■■■■■■■■■■■■■■■■■■■■                                |  60% of 186.8 MiB
|■■■■■■■■■■■■■■■■■■■■■■■■■■■■■■■■■■■■■■■■■■■■■■■■■■■■■■■■                        |  70% of 186.8 MiB
|■■■■■■■■■■■■■■■■■■■■■■■■■■■■■■■■■■■■■■■■■■■■■■■■■■■■■■■■■■■■■■■■                |  80% of 186.8 MiB
|■■■■■■■■■■■■■■■■■■■■■■■■■■■■■■■■■■■■■■■■■■■■■■■■■■■■■■■■■■■■■■■■■■■■■■■■        |  90% of 186.8 MiB
|■■■■■■■■■■■■■■■■■■■■■■■■■■■■■■■■■■■■■■■■■■■■■■■■■■■■■■■■■■■■■■■■■■■■■■■■■■■■■■■■| 100% of 186.8 MiB
Chrome for Testing 153.0.8010.12 (playwright chromium v1243) downloaded to /home/user/.cache/ms-playwright/chromium-1243
Downloading FFmpeg (playwright ffmpeg v1011) from https://cdn.playwright.dev/dbazure/download/playwright/builds/ffmpeg/1011/ffmpeg-linux.zip
|                                                                                |   0% of 2.3 MiB
|■■■■■■■■                                                                        |  10% of 2.3 MiB
|■■■■■■■■■■■■■■■■                                                                |  20% of 2.3 MiB
|■■■■■■■■■■■■■■■■■■■■■■■■                                                        |  30% of 2.3 MiB
|■■■■■■■■■■■■■■■■■■■■■■■■■■■■■■■■                                                |  40% of 2.3 MiB
|■■■■■■■■■■■■■■■■■■■■■■■■■■■■■■■■■■■■■■■■                                        |  50% of 2.3 MiB
|■■■■■■■■■■■■■■■■■■■■■■■■■■■■■■■■■■■■■■■■■■■■■■■■                                |  60% of 2.3 MiB
|■■■■■■■■■■■■■■■■■■■■■■■■■■■■■■■■■■■■■■■■■■■■■■■■■■■■■■■■                        |  70% of 2.3 MiB
|■■■■■■■■■■■■■■■■■■■■■■■■■■■■■■■■■■■■■■■■■■■■■■■■■■■■■■■■■■■■■■■■                |  80% of 2.3 MiB
|■■■■■■■■■■■■■■■■■■■■■■■■■■■■■■■■■■■■■■■■■■■■■■■■■■■■■■■■■■■■■■■■■■■■■■■■        |  90% of 2.3 MiB
|■■■■■■■■■■■■■■■■■■■■■■■■■■■■■■■■■■■■■■■■■■■■■■■■■■■■■■■■■■■■■■■■■■■■■■■■■■■■■■■■| 100% of 2.3 MiB
FFmpeg (playwright ffmpeg v1011) downloaded to /home/user/.cache/ms-playwright/ffmpeg-1011
Downloading Chrome Headless Shell 153.0.8010.12 (playwright chromium-headless-shell v1243) from https://cdn.playwright.dev/builds/cft/153.0.8010.12/linux64/chrome-headless-shell-linux64.zip
|                                                                                |   0% of 114.3 MiB
|■■■■■■■■                                                                        |  10% of 114.3 MiB
|■■■■■■■■■■■■■■■■                                                                |  20% of 114.3 MiB
|■■■■■■■■■■■■■■■■■■■■■■■■                                                        |  30% of 114.3 MiB
|■■■■■■■■■■■■■■■■■■■■■■■■■■■■■■■■                                                |  40% of 114.3 MiB
|■■■■■■■■■■■■■■■■■■■■■■■■■■■■■■■■■■■■■■■■                                        |  50% of 114.3 MiB
|■■■■■■■■■■■■■■■■■■■■■■■■■■■■■■■■■■■■■■■■■■■■■■■■                                |  60% of 114.3 MiB
|■■■■■■■■■■■■■■■■■■■■■■■■■■■■■■■■■■■■■■■■■■■■■■■■■■■■■■■■                        |  70% of 114.3 MiB
|■■■■■■■■■■■■■■■■■■■■■■■■■■■■■■■■■■■■■■■■■■■■■■■■■■■■■■■■■■■■■■■■                |  80% of 114.3 MiB
|■■■■■■■■■■■■■■■■■■■■■■■■■■■■■■■■■■■■■■■■■■■■■■■■■■■■■■■■■■■■■■■■■■■■■■■■        |  90% of 114.3 MiB
|■■■■■■■■■■■■■■■■■■■■■■■■■■■■■■■■■■■■■■■■■■■■■■■■■■■■■■■■■■■■■■■■■■■■■■■■■■■■■■■■| 100% of 114.3 MiB
Chrome Headless Shell 153.0.8010.12 (playwright chromium-headless-shell v1243) downloaded to /home/user/.cache/ms-playwright/chromium_headless_shell-1243
Downloading WebKit 26.6 (playwright webkit v2359) from https://cdn.playwright.dev/dbazure/download/playwright/builds/webkit/2359/webkit-debian-13.zip
|                                                                                |   0% of 95.3 MiB
|■■■■■■■■                                                                        |  10% of 95.3 MiB
|■■■■■■■■■■■■■■■■                                                                |  20% of 95.3 MiB
|■■■■■■■■■■■■■■■■■■■■■■■■                                                        |  30% of 95.3 MiB
|■■■■■■■■■■■■■■■■■■■■■■■■■■■■■■■■                                                |  40% of 95.3 MiB
|■■■■■■■■■■■■■■■■■■■■■■■■■■■■■■■■■■■■■■■■                                        |  50% of 95.3 MiB
|■■■■■■■■■■■■■■■■■■■■■■■■■■■■■■■■■■■■■■■■■■■■■■■■                                |  60% of 95.3 MiB
|■■■■■■■■■■■■■■■■■■■■■■■■■■■■■■■■■■■■■■■■■■■■■■■■■■■■■■■■                        |  70% of 95.3 MiB
|■■■■■■■■■■■■■■■■■■■■■■■■■■■■■■■■■■■■■■■■■■■■■■■■■■■■■■■■■■■■■■■■                |  80% of 95.3 MiB
|■■■■■■■■■■■■■■■■■■■■■■■■■■■■■■■■■■■■■■■■■■■■■■■■■■■■■■■■■■■■■■■■■■■■■■■■        |  90% of 95.3 MiB
|■■■■■■■■■■■■■■■■■■■■■■■■■■■■■■■■■■■■■■■■■■■■■■■■■■■■■■■■■■■■■■■■■■■■■■■■■■■■■■■■| 100% of 95.3 MiB
WebKit 26.6 (playwright webkit v2359) downloaded to /home/user/.cache/ms-playwright/webkit-2359
